// Jest Snapshot v1, https://goo.gl/fbAQLP

exports[`Snapshot Test for BrowseByArtists component matches snapshot 1`] = `
<DocumentFragment>
  <div
    class="Flash-Messages-Container"
  />
  <div
    style="background-color: rgb(135, 0, 176);"
  >
    <div
      class="Browse-Landing"
    >
      <p>
        Artists
      </p>
      <p>
        Genre
      </p>
      <p>
        Danceability
      </p>
    </div>
  </div>
  <div
    style="background-color: rgb(135, 0, 176);"
  >
    <div
      class="Main-Container"
    >
      <div
        class="Result-Box"
      >
        <div
          class="Main-Result-Container"
        >
          <p
            class="Result-Main"
          />
        </div>
      </div>
      <div
        class="Main-Pagination-Slider-Placeholder"
      />
    </div>
  </div>
</DocumentFragment>
`;
